[2025-12-09T08:48:10.693Z] Categories Error: TypeError: Do not know how to serialize a BigInt
    at JSON.stringify (<anonymous>)
    at stringify (C:\Users\Rosyd\Documents\React-js\ReactAppV3\backend\node_modules\express\lib\response.js:1160:12)
    at ServerResponse.json (C:\Users\Rosyd\Documents\React-js\ReactAppV3\backend\node_modules\express\lib\response.js:271:14)
    at C:\Users\Rosyd\Documents\React-js\ReactAppV3\backend\routes\asset.js:303:13
    at process.processTicksAndRejections (node:internal/process/task_queues:103:5)
[2025-12-09T08:48:10.708Z] Locations Error: TypeError: Do not know how to serialize a BigInt
    at JSON.stringify (<anonymous>)
    at stringify (C:\Users\Rosyd\Documents\React-js\ReactAppV3\backend\node_modules\express\lib\response.js:1160:12)
    at ServerResponse.json (C:\Users\Rosyd\Documents\React-js\ReactAppV3\backend\node_modules\express\lib\response.js:271:14)
    at C:\Users\Rosyd\Documents\React-js\ReactAppV3\backend\routes\asset.js:366:13
    at process.processTicksAndRejections (node:internal/process/task_queues:103:5)
[2025-12-09T08:48:28.112Z] Categories Error: TypeError: Do not know how to serialize a BigInt
    at JSON.stringify (<anonymous>)
    at stringify (C:\Users\Rosyd\Documents\React-js\ReactAppV3\backend\node_modules\express\lib\response.js:1160:12)
    at ServerResponse.json (C:\Users\Rosyd\Documents\React-js\ReactAppV3\backend\node_modules\express\lib\response.js:271:14)
    at C:\Users\Rosyd\Documents\React-js\ReactAppV3\backend\routes\asset.js:303:13
    at process.processTicksAndRejections (node:internal/process/task_queues:103:5)
[2025-12-09T08:48:28.126Z] Locations Error: TypeError: Do not know how to serialize a BigInt
    at JSON.stringify (<anonymous>)
    at stringify (C:\Users\Rosyd\Documents\React-js\ReactAppV3\backend\node_modules\express\lib\response.js:1160:12)
    at ServerResponse.json (C:\Users\Rosyd\Documents\React-js\ReactAppV3\backend\node_modules\express\lib\response.js:271:14)
    at C:\Users\Rosyd\Documents\React-js\ReactAppV3\backend\routes\asset.js:366:13
    at process.processTicksAndRejections (node:internal/process/task_queues:103:5)
[2025-12-09T09:08:37.495Z] Create Asset Error: SqlError: (conn:139, no: 1452, SQLState: 23000) Cannot add or update a child row: a foreign key constraint fails (`reactappv3_db`.`asset_items`, CONSTRAINT `asset_items_ibfk_3` FOREIGN KEY (`supplier_id`) REFERENCES `asset_suppliers` (`id`) ON DELETE SET NULL)
sql: INSERT INTO asset_items (
        asset_tag, asset_name, category_id, description, serial_number,
        model, manufacturer, purchase_date, purchase_cost, supplier_id,
        warranty_expiry, location_id, status, condition_status, image_url, notes, crea...
    at module.exports.createError (C:\Users\Rosyd\Documents\React-js\ReactAppV3\backend\node_modules\mariadb\lib\misc\errors.js:66:10)
    at PacketNodeEncoded.readError (C:\Users\Rosyd\Documents\React-js\ReactAppV3\backend\node_modules\mariadb\lib\io\packet.js:588:19)
    at Query.handleErrorPacket (C:\Users\Rosyd\Documents\React-js\ReactAppV3\backend\node_modules\mariadb\lib\cmd\parser.js:92:24)
    at Query.readResponsePacket (C:\Users\Rosyd\Documents\React-js\ReactAppV3\backend\node_modules\mariadb\lib\cmd\parser.js:70:21)
    at PacketInputStream.receivePacketBasic (C:\Users\Rosyd\Documents\React-js\ReactAppV3\backend\node_modules\mariadb\lib\io\packet-input-stream.js:85:9)
    at PacketInputStream.onData (C:\Users\Rosyd\Documents\React-js\ReactAppV3\backend\node_modules\mariadb\lib\io\packet-input-stream.js:135:20)
    at Socket.emit (node:events:508:28)
    at addChunk (node:internal/streams/readable:559:12)
    at readableAddChunkPushByteMode (node:internal/streams/readable:510:3)
    at Readable.push (node:internal/streams/readable:390:5)
[2025-12-09T09:12:54.792Z] Create Asset Error: SqlError: (conn:150, no: 1062, SQLState: 23000) Duplicate entry 'test 123' for key 'asset_tag'
sql: INSERT INTO asset_items (
        asset_tag, asset_name, category_id, description, serial_number,
        model, manufacturer, purchase_date, purchase_cost, supplier_id,
        warranty_expiry, location_id, status, condition_status, image_url, notes, crea...
    at module.exports.createError (C:\Users\Rosyd\Documents\React-js\ReactAppV3\backend\node_modules\mariadb\lib\misc\errors.js:66:10)
    at PacketNodeEncoded.readError (C:\Users\Rosyd\Documents\React-js\ReactAppV3\backend\node_modules\mariadb\lib\io\packet.js:588:19)
    at Query.handleErrorPacket (C:\Users\Rosyd\Documents\React-js\ReactAppV3\backend\node_modules\mariadb\lib\cmd\parser.js:92:24)
    at Query.readResponsePacket (C:\Users\Rosyd\Documents\React-js\ReactAppV3\backend\node_modules\mariadb\lib\cmd\parser.js:70:21)
    at PacketInputStream.receivePacketBasic (C:\Users\Rosyd\Documents\React-js\ReactAppV3\backend\node_modules\mariadb\lib\io\packet-input-stream.js:85:9)
    at PacketInputStream.onData (C:\Users\Rosyd\Documents\React-js\ReactAppV3\backend\node_modules\mariadb\lib\io\packet-input-stream.js:135:20)
    at Socket.emit (node:events:508:28)
    at addChunk (node:internal/streams/readable:559:12)
    at readableAddChunkPushByteMode (node:internal/streams/readable:510:3)
    at Readable.push (node:internal/streams/readable:390:5)
